
> server@0.0.1 build
> nest build

[96msrc/admin/admin-courier-company.controller.ts[0m:[93m22[0m:[93m33[0m - [91merror[0m[90m TS2551: [0mProperty 'ADMIN_ORDER' does not exist on type 'typeof Permission'. Did you mean 'ADMIN_COURIER'?

[7m22[0m   @RequirePermission(Permission.ADMIN_ORDER)
[7m  [0m [91m                                ~~~~~~~~~~~[0m

  [96msrc/permission.enum.ts[0m:[93m57[0m:[93m3[0m
    [7m57[0m   ADMIN_COURIER = 'admin:courier',
    [7m  [0m [96m  ~~~~~~~~~~~~~[0m
    'ADMIN_COURIER' is declared here.
[96msrc/admin/admin-courier-company.controller.ts[0m:[93m32[0m:[93m33[0m - [91merror[0m[90m TS2551: [0mProperty 'ADMIN_ORDER' does not exist on type 'typeof Permission'. Did you mean 'ADMIN_COURIER'?

[7m32[0m   @RequirePermission(Permission.ADMIN_ORDER)
[7m  [0m [91m                                ~~~~~~~~~~~[0m

  [96msrc/permission.enum.ts[0m:[93m57[0m:[93m3[0m
    [7m57[0m   ADMIN_COURIER = 'admin:courier',
    [7m  [0m [96m  ~~~~~~~~~~~~~[0m
    'ADMIN_COURIER' is declared here.
[96msrc/admin/admin-courier-company.controller.ts[0m:[93m40[0m:[93m33[0m - [91merror[0m[90m TS2551: [0mProperty 'ADMIN_ORDER' does not exist on type 'typeof Permission'. Did you mean 'ADMIN_COURIER'?

[7m40[0m   @RequirePermission(Permission.ADMIN_ORDER)
[7m  [0m [91m                                ~~~~~~~~~~~[0m

  [96msrc/permission.enum.ts[0m:[93m57[0m:[93m3[0m
    [7m57[0m   ADMIN_COURIER = 'admin:courier',
    [7m  [0m [96m  ~~~~~~~~~~~~~[0m
    'ADMIN_COURIER' is declared here.
[96msrc/admin/admin-courier-company.controller.ts[0m:[93m48[0m:[93m33[0m - [91merror[0m[90m TS2551: [0mProperty 'ADMIN_ORDER' does not exist on type 'typeof Permission'. Did you mean 'ADMIN_COURIER'?

[7m48[0m   @RequirePermission(Permission.ADMIN_ORDER)
[7m  [0m [91m                                ~~~~~~~~~~~[0m

  [96msrc/permission.enum.ts[0m:[93m57[0m:[93m3[0m
    [7m57[0m   ADMIN_COURIER = 'admin:courier',
    [7m  [0m [96m  ~~~~~~~~~~~~~[0m
    'ADMIN_COURIER' is declared here.
[96msrc/admin/admin-courier-company.controller.ts[0m:[93m56[0m:[93m33[0m - [91merror[0m[90m TS2551: [0mProperty 'ADMIN_ORDER' does not exist on type 'typeof Permission'. Did you mean 'ADMIN_COURIER'?

[7m56[0m   @RequirePermission(Permission.ADMIN_ORDER)
[7m  [0m [91m                                ~~~~~~~~~~~[0m

  [96msrc/permission.enum.ts[0m:[93m57[0m:[93m3[0m
    [7m57[0m   ADMIN_COURIER = 'admin:courier',
    [7m  [0m [96m  ~~~~~~~~~~~~~[0m
    'ADMIN_COURIER' is declared here.
[96msrc/admin/admin-courier-company.controller.ts[0m:[93m67[0m:[93m33[0m - [91merror[0m[90m TS2551: [0mProperty 'ADMIN_ORDER' does not exist on type 'typeof Permission'. Did you mean 'ADMIN_COURIER'?

[7m67[0m   @RequirePermission(Permission.ADMIN_ORDER)
[7m  [0m [91m                                ~~~~~~~~~~~[0m

  [96msrc/permission.enum.ts[0m:[93m57[0m:[93m3[0m
    [7m57[0m   ADMIN_COURIER = 'admin:courier',
    [7m  [0m [96m  ~~~~~~~~~~~~~[0m
    'ADMIN_COURIER' is declared here.
[96msrc/admin/admin-user-card-collection.controller.ts[0m:[93m18[0m:[93m51[0m - [91merror[0m[90m TS2307: [0mCannot find module '../modules/card/vo/card.vo' or its corresponding type declarations.

[7m18[0m import { AdminUserCardCollectionResponseVo } from '../modules/card/vo/card.vo';
[7m  [0m [91m                                                  ~~~~~~~~~~~~~~~~~~~~~~~~~~~~[0m
[96msrc/admin/admin-user-card-collection.controller.ts[0m:[93m19[0m:[93m34[0m - [91merror[0m[90m TS2307: [0mCannot find module '../modules/card/card-query.service' or its corresponding type declarations.

[7m19[0m import { CardQueryService } from '../modules/card/card-query.service';
[7m  [0m [91m                                 ~~~~~~~~~~~~~~~~~~~~~~~~~~~~~~~~~~~~[0m
[96msrc/admin/admin-user-card-collection.controller.ts[0m:[93m37[0m:[93m33[0m - [91merror[0m[90m TS2339: [0mProperty 'ADMIN_CARD' does not exist on type 'typeof Permission'.

[7m37[0m   @RequirePermission(Permission.ADMIN_CARD)
[7m  [0m [91m                                ~~~~~~~~~~[0m
[96msrc/client/client-payment-method.controller.ts[0m:[93m29[0m:[93m33[0m - [91merror[0m[90m TS2339: [0mProperty 'CLIENT_ORDER' does not exist on type 'typeof Permission'.

[7m29[0m   @RequirePermission(Permission.CLIENT_ORDER)
[7m  [0m [91m                                ~~~~~~~~~~~~[0m
[96msrc/modules/auth/auth.module.ts[0m:[93m8[0m:[93m32[0m - [91merror[0m[90m TS2307: [0mCannot find module '../audience/audience.module' or its corresponding type declarations.

[7m8[0m import { AudienceModule } from '../audience/audience.module';
[7m [0m [91m                               ~~~~~~~~~~~~~~~~~~~~~~~~~~~~~[0m
[96msrc/modules/auth/auth.service.ts[0m:[93m25[0m:[93m33[0m - [91merror[0m[90m TS2307: [0mCannot find module '../audience/audience.service' or its corresponding type declarations.

[7m25[0m import { AudienceService } from '../audience/audience.service';
[7m  [0m [91m                                ~~~~~~~~~~~~~~~~~~~~~~~~~~~~~~[0m
[96msrc/modules/member-level/dto/member-level.dto.ts[0m:[93m17[0m:[93m8[0m - [91merror[0m[90m TS2307: [0mCannot find module '@modules/avatar-frame/vo/avatar-frame.vo' or its corresponding type declarations.

[7m17[0m } from '@modules/avatar-frame/vo/avatar-frame.vo';
[7m  [0m [91m       ~~~~~~~~~~~~~~~~~~~~~~~~~~~~~~~~~~~~~~~~~~[0m
[96msrc/modules/member-level/dto/member-level.dto.ts[0m:[93m18[0m:[93m50[0m - [91merror[0m[90m TS2307: [0mCannot find module '@modules/medal/vo/medal.vo' or its corresponding type declarations.

[7m18[0m import { MedalSummary, ClientMedalSummary } from '@modules/medal/vo/medal.vo';
[7m  [0m [91m                                                 ~~~~~~~~~~~~~~~~~~~~~~~~~~~~[0m
[96msrc/modules/member-level/entities/member-level.entity.ts[0m:[93m1[0m:[93m35[0m - [91merror[0m[90m TS2307: [0mCannot find module '@modules/avatar-frame/entities/avatar-frame.entity' or its corresponding type declarations.

[7m1[0m import { AvatarFrameEntity } from '@modules/avatar-frame/entities/avatar-frame.entity';
[7m [0m [91m                                  ~~~~~~~~~~~~~~~~~~~~~~~~~~~~~~~~~~~~~~~~~~~~~~~~~~~~[0m
[96msrc/modules/member-level/entities/member-level.entity.ts[0m:[93m2[0m:[93m29[0m - [91merror[0m[90m TS2307: [0mCannot find module '@modules/medal/entities/medal.entity' or its corresponding type declarations.

[7m2[0m import { MedalEntity } from '@modules/medal/entities/medal.entity';
[7m [0m [91m                            ~~~~~~~~~~~~~~~~~~~~~~~~~~~~~~~~~~~~~~[0m
[96msrc/modules/member-level/member-level.module.ts[0m:[93m5[0m:[93m35[0m - [91merror[0m[90m TS2307: [0mCannot find module '@modules/avatar-frame/entities/avatar-frame.entity' or its corresponding type declarations.

[7m5[0m import { AvatarFrameEntity } from '@modules/avatar-frame/entities/avatar-frame.entity';
[7m [0m [91m                                  ~~~~~~~~~~~~~~~~~~~~~~~~~~~~~~~~~~~~~~~~~~~~~~~~~~~~[0m
[96msrc/modules/member-level/member-level.module.ts[0m:[93m6[0m:[93m29[0m - [91merror[0m[90m TS2307: [0mCannot find module '@modules/medal/entities/medal.entity' or its corresponding type declarations.

[7m6[0m import { MedalEntity } from '@modules/medal/entities/medal.entity';
[7m [0m [91m                            ~~~~~~~~~~~~~~~~~~~~~~~~~~~~~~~~~~~~~~[0m
[96msrc/modules/member-level/member-level.module.ts[0m:[93m9[0m:[93m39[0m - [91merror[0m[90m TS2307: [0mCannot find module '@modules/user-avatar-frame/user-avatar-frame.module' or its corresponding type declarations.

[7m9[0m import { UserAvatarFrameModule } from '@modules/user-avatar-frame/user-avatar-frame.module';
[7m [0m [91m                                      ~~~~~~~~~~~~~~~~~~~~~~~~~~~~~~~~~~~~~~~~~~~~~~~~~~~~~[0m
[96msrc/modules/member-level/member-level.module.ts[0m:[93m10[0m:[93m33[0m - [91merror[0m[90m TS2307: [0mCannot find module '@modules/user-medal/user-medal.module' or its corresponding type declarations.

[7m10[0m import { UserMedalModule } from '@modules/user-medal/user-medal.module';
[7m  [0m [91m                                ~~~~~~~~~~~~~~~~~~~~~~~~~~~~~~~~~~~~~~~[0m
[96msrc/modules/member-level/member-level.service.ts[0m:[93m5[0m:[93m35[0m - [91merror[0m[90m TS2307: [0mCannot find module '@modules/avatar-frame/entities/avatar-frame.entity' or its corresponding type declarations.

[7m5[0m import { AvatarFrameEntity } from '@modules/avatar-frame/entities/avatar-frame.entity';
[7m [0m [91m                                  ~~~~~~~~~~~~~~~~~~~~~~~~~~~~~~~~~~~~~~~~~~~~~~~~~~~~[0m
[96msrc/modules/member-level/member-level.service.ts[0m:[93m6[0m:[93m29[0m - [91merror[0m[90m TS2307: [0mCannot find module '@modules/medal/entities/medal.entity' or its corresponding type declarations.

[7m6[0m import { MedalEntity } from '@modules/medal/entities/medal.entity';
[7m [0m [91m                            ~~~~~~~~~~~~~~~~~~~~~~~~~~~~~~~~~~~~~~[0m
[96msrc/modules/member-level/member-level.service.ts[0m:[93m20[0m:[93m40[0m - [91merror[0m[90m TS2307: [0mCannot find module '@modules/user-avatar-frame/user-avatar-frame.service' or its corresponding type declarations.

[7m20[0m import { UserAvatarFrameService } from '@modules/user-avatar-frame/user-avatar-frame.service';
[7m  [0m [91m                                       ~~~~~~~~~~~~~~~~~~~~~~~~~~~~~~~~~~~~~~~~~~~~~~~~~~~~~~[0m
[96msrc/modules/member-level/member-level.service.ts[0m:[93m21[0m:[93m37[0m - [91merror[0m[90m TS2307: [0mCannot find module '@modules/user-avatar-frame/enum/user-avatar-frame.enum' or its corresponding type declarations.

[7m21[0m import { UserAvatarFrameMark } from '@modules/user-avatar-frame/enum/user-avatar-frame.enum';
[7m  [0m [91m                                    ~~~~~~~~~~~~~~~~~~~~~~~~~~~~~~~~~~~~~~~~~~~~~~~~~~~~~~~~[0m
[96msrc/modules/member-level/member-level.service.ts[0m:[93m22[0m:[93m34[0m - [91merror[0m[90m TS2307: [0mCannot find module '@modules/user-medal/user-medal.service' or its corresponding type declarations.

[7m22[0m import { UserMedalService } from '@modules/user-medal/user-medal.service';
[7m  [0m [91m                                 ~~~~~~~~~~~~~~~~~~~~~~~~~~~~~~~~~~~~~~~~[0m
[96msrc/modules/member-level/member-level.service.ts[0m:[93m23[0m:[93m31[0m - [91merror[0m[90m TS2307: [0mCannot find module '@modules/user-medal/enum/user-medal.enum' or its corresponding type declarations.

[7m23[0m import { UserMedalMark } from '@modules/user-medal/enum/user-medal.enum';
[7m  [0m [91m                              ~~~~~~~~~~~~~~~~~~~~~~~~~~~~~~~~~~~~~~~~~~[0m
[96msrc/modules/role/role-seed.service.ts[0m:[93m44[0m:[93m18[0m - [91merror[0m[90m TS2339: [0mProperty 'STAFF_TICKET_VERIFY' does not exist on type 'typeof Permission'.

[7m44[0m       Permission.STAFF_TICKET_VERIFY,
[7m  [0m [91m                 ~~~~~~~~~~~~~~~~~~~[0m
[96msrc/modules/role/role-seed.service.ts[0m:[93m45[0m:[93m18[0m - [91merror[0m[90m TS2339: [0mProperty 'STAFF_TICKET_UNVERIFY' does not exist on type 'typeof Permission'.

[7m45[0m       Permission.STAFF_TICKET_UNVERIFY,
[7m  [0m [91m                 ~~~~~~~~~~~~~~~~~~~~~[0m
[96msrc/modules/role/role-seed.service.ts[0m:[93m46[0m:[93m18[0m - [91merror[0m[90m TS2339: [0mProperty 'STAFF_EVENT_TICKETS' does not exist on type 'typeof Permission'.

[7m46[0m       Permission.STAFF_EVENT_TICKETS,
[7m  [0m [91m                 ~~~~~~~~~~~~~~~~~~~[0m
[96msrc/modules/user/entities/user-worn-medal.entity.ts[0m:[93m11[0m:[93m29[0m - [91merror[0m[90m TS2307: [0mCannot find module '@modules/medal/entities/medal.entity' or its corresponding type declarations.

[7m11[0m import { MedalEntity } from '@modules/medal/entities/medal.entity';
[7m  [0m [91m                            ~~~~~~~~~~~~~~~~~~~~~~~~~~~~~~~~~~~~~~[0m
[96msrc/modules/user/entities/user.entity.ts[0m:[93m14[0m:[93m35[0m - [91merror[0m[90m TS2307: [0mCannot find module '@modules/avatar-frame/entities/avatar-frame.entity' or its corresponding type declarations.

[7m14[0m import { AvatarFrameEntity } from '@modules/avatar-frame/entities/avatar-frame.entity';
[7m  [0m [91m                                  ~~~~~~~~~~~~~~~~~~~~~~~~~~~~~~~~~~~~~~~~~~~~~~~~~~~~[0m
[96msrc/modules/user/user-worn-medal.service.ts[0m:[93m6[0m:[93m29[0m - [91merror[0m[90m TS2307: [0mCannot find module '@modules/medal/entities/medal.entity' or its corresponding type declarations.

[7m6[0m import { MedalEntity } from '@modules/medal/entities/medal.entity';
[7m [0m [91m                            ~~~~~~~~~~~~~~~~~~~~~~~~~~~~~~~~~~~~~~[0m
[96msrc/modules/user/user-worn-medal.service.ts[0m:[93m7[0m:[93m34[0m - [91merror[0m[90m TS2307: [0mCannot find module '@modules/user-medal/user-medal.service' or its corresponding type declarations.

[7m7[0m import { UserMedalService } from '@modules/user-medal/user-medal.service';
[7m [0m [91m                                 ~~~~~~~~~~~~~~~~~~~~~~~~~~~~~~~~~~~~~~~~[0m
[96msrc/modules/user/user.module.ts[0m:[93m5[0m:[93m32[0m - [91merror[0m[90m TS2307: [0mCannot find module '../audience/audience.module' or its corresponding type declarations.

[7m5[0m import { AudienceModule } from '../audience/audience.module';
[7m [0m [91m                               ~~~~~~~~~~~~~~~~~~~~~~~~~~~~~[0m
[96msrc/modules/user/user.module.ts[0m:[93m6[0m:[93m28[0m - [91merror[0m[90m TS2307: [0mCannot find module '../star/star.module' or its corresponding type declarations.

[7m6[0m import { StarModule } from '../star/star.module';
[7m [0m [91m                           ~~~~~~~~~~~~~~~~~~~~~[0m
[96msrc/modules/user/user.module.ts[0m:[93m7[0m:[93m29[0m - [91merror[0m[90m TS2307: [0mCannot find module '../order/order.module' or its corresponding type declarations.

[7m7[0m import { OrderModule } from '../order/order.module';
[7m [0m [91m                            ~~~~~~~~~~~~~~~~~~~~~~~[0m
[96msrc/modules/user/user.module.ts[0m:[93m8[0m:[93m28[0m - [91merror[0m[90m TS2307: [0mCannot find module '../card/card.module' or its corresponding type declarations.

[7m8[0m import { CardModule } from '../card/card.module';
[7m [0m [91m                           ~~~~~~~~~~~~~~~~~~~~~[0m
[96msrc/modules/user/user.module.ts[0m:[93m9[0m:[93m30[0m - [91merror[0m[90m TS2307: [0mCannot find module '../ticket/ticket.module' or its corresponding type declarations.

[7m9[0m import { TicketModule } from '../ticket/ticket.module';
[7m [0m [91m                             ~~~~~~~~~~~~~~~~~~~~~~~~~[0m
[96msrc/modules/user/user.module.ts[0m:[93m18[0m:[93m35[0m - [91merror[0m[90m TS2307: [0mCannot find module '@modules/avatar-frame/avatar-frame.module' or its corresponding type declarations.

[7m18[0m import { AvatarFrameModule } from '@modules/avatar-frame/avatar-frame.module';
[7m  [0m [91m                                  ~~~~~~~~~~~~~~~~~~~~~~~~~~~~~~~~~~~~~~~~~~~[0m
[96msrc/modules/user/user.module.ts[0m:[93m19[0m:[93m33[0m - [91merror[0m[90m TS2307: [0mCannot find module '@modules/user-medal/user-medal.module' or its corresponding type declarations.

[7m19[0m import { UserMedalModule } from '@modules/user-medal/user-medal.module';
[7m  [0m [91m                                ~~~~~~~~~~~~~~~~~~~~~~~~~~~~~~~~~~~~~~~[0m
[96msrc/modules/user/user.module.ts[0m:[93m20[0m:[93m29[0m - [91merror[0m[90m TS2307: [0mCannot find module '@modules/medal/entities/medal.entity' or its corresponding type declarations.

[7m20[0m import { MedalEntity } from '@modules/medal/entities/medal.entity';
[7m  [0m [91m                            ~~~~~~~~~~~~~~~~~~~~~~~~~~~~~~~~~~~~~~[0m
[96msrc/modules/user/user.service.ts[0m:[93m5[0m:[93m33[0m - [91merror[0m[90m TS2307: [0mCannot find module '../audience/audience.service' or its corresponding type declarations.

[7m5[0m import { AudienceService } from '../audience/audience.service';
[7m [0m [91m                                ~~~~~~~~~~~~~~~~~~~~~~~~~~~~~~[0m
[96msrc/modules/user/user.service.ts[0m:[93m6[0m:[93m29[0m - [91merror[0m[90m TS2307: [0mCannot find module '../star/star.service' or its corresponding type declarations.

[7m6[0m import { StarService } from '../star/star.service';
[7m [0m [91m                            ~~~~~~~~~~~~~~~~~~~~~~[0m
[96msrc/modules/user/user.service.ts[0m:[93m7[0m:[93m35[0m - [91merror[0m[90m TS2307: [0mCannot find module '../order/order-query.service' or its corresponding type declarations.

[7m7[0m import { OrderQueryService } from '../order/order-query.service';
[7m [0m [91m                                  ~~~~~~~~~~~~~~~~~~~~~~~~~~~~~~[0m
[96msrc/modules/user/user.service.ts[0m:[93m8[0m:[93m34[0m - [91merror[0m[90m TS2307: [0mCannot find module '../card/card-query.service' or its corresponding type declarations.

[7m8[0m import { CardQueryService } from '../card/card-query.service';
[7m [0m [91m                                 ~~~~~~~~~~~~~~~~~~~~~~~~~~~~[0m
[96msrc/modules/user/user.service.ts[0m:[93m12[0m:[93m31[0m - [91merror[0m[90m TS2307: [0mCannot find module '../ticket/ticket.service' or its corresponding type declarations.

[7m12[0m import { TicketService } from '../ticket/ticket.service';
[7m  [0m [91m                              ~~~~~~~~~~~~~~~~~~~~~~~~~~[0m
[96msrc/modules/user/user.service.ts[0m:[93m35[0m:[93m36[0m - [91merror[0m[90m TS2307: [0mCannot find module '@modules/avatar-frame/avatar-frame.service' or its corresponding type declarations.

[7m35[0m import { AvatarFrameService } from '@modules/avatar-frame/avatar-frame.service';
[7m  [0m [91m                                   ~~~~~~~~~~~~~~~~~~~~~~~~~~~~~~~~~~~~~~~~~~~~[0m
[96msrc/modules/user/vo/user.vo.ts[0m:[93m3[0m:[93m36[0m - [91merror[0m[90m TS2307: [0mCannot find module '@modules/avatar-frame/vo/avatar-frame.vo' or its corresponding type declarations.

[7m3[0m import { AvatarFrameSummary } from '@modules/avatar-frame/vo/avatar-frame.vo';
[7m [0m [91m                                   ~~~~~~~~~~~~~~~~~~~~~~~~~~~~~~~~~~~~~~~~~~[0m
[96msrc/modules/user/vo/user.vo.ts[0m:[93m4[0m:[93m30[0m - [91merror[0m[90m TS2307: [0mCannot find module '@modules/medal/vo/medal.vo' or its corresponding type declarations.

[7m4[0m import { MedalSummary } from '@modules/medal/vo/medal.vo';
[7m [0m [91m                             ~~~~~~~~~~~~~~~~~~~~~~~~~~~~[0m
[96msrc/modules/wallet/recharge.service.ts[0m:[93m96[0m:[93m24[0m - [91merror[0m[90m TS2339: [0mProperty 'wechatPayService' does not exist on type 'RechargeService'.

[7m96[0m       if (!(await this.wechatPayService.isConfigured())) {
[7m  [0m [91m                       ~~~~~~~~~~~~~~~~[0m
[96msrc/modules/wallet/recharge.service.ts[0m:[93m109[0m:[93m38[0m - [91merror[0m[90m TS2339: [0mProperty 'paymentTransactionService' does not exist on type 'RechargeService'.

[7m109[0m       const transaction = await this.paymentTransactionService.createTransaction({
[7m   [0m [91m                                     ~~~~~~~~~~~~~~~~~~~~~~~~~[0m
[96msrc/modules/wallet/recharge.service.ts[0m:[93m111[0m:[93m18[0m - [91merror[0m[90m TS2304: [0mCannot find name 'PaymentBizType'.

[7m111[0m         bizType: PaymentBizType.RECHARGE,
[7m   [0m [91m                 ~~~~~~~~~~~~~~[0m
[96msrc/modules/wallet/recharge.service.ts[0m:[93m119[0m:[93m35[0m - [91merror[0m[90m TS2339: [0mProperty 'wechatPayService' does not exist on type 'RechargeService'.

[7m119[0m       const prepayId = await this.wechatPayService.createJsapiOrder({
[7m   [0m [91m                                  ~~~~~~~~~~~~~~~~[0m
[96msrc/modules/wallet/recharge.service.ts[0m:[93m126[0m:[93m38[0m - [91merror[0m[90m TS2339: [0mProperty 'wechatPayService' does not exist on type 'RechargeService'.

[7m126[0m       const wxPayParams = await this.wechatPayService.buildClientPayParams(prepayId);
[7m   [0m [91m                                     ~~~~~~~~~~~~~~~~[0m
[96msrc/modules/wallet/recharge.service.ts[0m:[93m130[0m:[93m9[0m - [91merror[0m[90m TS2353: [0mObject literal may only specify known properties, and 'wxPayParams' does not exist in type 'RechargeOrderVo'.

[7m130[0m         wxPayParams,
[7m   [0m [91m        ~~~~~~~~~~~[0m
[96msrc/modules/wallet/recharge.service.ts[0m:[93m138[0m:[93m24[0m - [91merror[0m[90m TS2339: [0mProperty 'alipayPayService' does not exist on type 'RechargeService'.

[7m138[0m       if (!(await this.alipayPayService.isConfigured())) {
[7m   [0m [91m                       ~~~~~~~~~~~~~~~~[0m
[96msrc/modules/wallet/recharge.service.ts[0m:[93m147[0m:[93m18[0m - [91merror[0m[90m TS2339: [0mProperty 'paymentTransactionService' does not exist on type 'RechargeService'.

[7m147[0m       await this.paymentTransactionService.createTransaction({
[7m   [0m [91m                 ~~~~~~~~~~~~~~~~~~~~~~~~~[0m
[96msrc/modules/wallet/recharge.service.ts[0m:[93m149[0m:[93m18[0m - [91merror[0m[90m TS2304: [0mCannot find name 'PaymentBizType'.

[7m149[0m         bizType: PaymentBizType.RECHARGE,
[7m   [0m [91m                 ~~~~~~~~~~~~~~[0m
[96msrc/modules/wallet/recharge.service.ts[0m:[93m158[0m:[93m39[0m - [91merror[0m[90m TS2339: [0mProperty 'alipayPayService' does not exist on type 'RechargeService'.

[7m158[0m       const alipayParams = await this.alipayPayService.createWapTrade({
[7m   [0m [91m                                      ~~~~~~~~~~~~~~~~[0m
[96msrc/modules/wallet/recharge.service.ts[0m:[93m166[0m:[93m9[0m - [91merror[0m[90m TS2353: [0mObject literal may only specify known properties, and 'wxPayParams' does not exist in type 'RechargeOrderVo'.

[7m166[0m         wxPayParams: null,
[7m   [0m [91m        ~~~~~~~~~~~[0m
[96msrc/modules/wallet/recharge.service.ts[0m:[93m342[0m:[93m36[0m - [91merror[0m[90m TS2339: [0mProperty 'paymentTransactionService' does not exist on type 'RechargeService'.

[7m342[0m     const transaction = await this.paymentTransactionService.findByBizNo(rechargeNo);
[7m   [0m [91m                                   ~~~~~~~~~~~~~~~~~~~~~~~~~[0m
[96msrc/modules/wallet/recharge.service.ts[0m:[93m344[0m:[93m18[0m - [91merror[0m[90m TS2339: [0mProperty 'paymentTransactionService' does not exist on type 'RechargeService'.

[7m344[0m       await this.paymentTransactionService.markSuccess(transaction.transactionNo, transactionId);
[7m   [0m [91m                 ~~~~~~~~~~~~~~~~~~~~~~~~~[0m
[96msrc/modules/wallet/recharge.service.ts[0m:[93m435[0m:[93m36[0m - [91merror[0m[90m TS2339: [0mProperty 'paymentTransactionService' does not exist on type 'RechargeService'.

[7m435[0m     const transaction = await this.paymentTransactionService.findByBizNo(rechargeNo);
[7m   [0m [91m                                   ~~~~~~~~~~~~~~~~~~~~~~~~~[0m
[96msrc/modules/wallet/recharge.service.ts[0m:[93m437[0m:[93m18[0m - [91merror[0m[90m TS2339: [0mProperty 'paymentTransactionService' does not exist on type 'RechargeService'.

[7m437[0m       await this.paymentTransactionService.markSuccess(transaction.transactionNo, transactionId);
[7m   [0m [91m                 ~~~~~~~~~~~~~~~~~~~~~~~~~[0m

Found 64 error(s).

